ARM GAS  C:\Users\Midori\AppData\Local\Temp\ccvtvnAj.s 			page 1


   1              		.cpu cortex-m0
   2              		.fpu softvfp
   3              		.eabi_attribute 20, 1
   4              		.eabi_attribute 21, 1
   5              		.eabi_attribute 23, 3
   6              		.eabi_attribute 24, 1
   7              		.eabi_attribute 25, 1
   8              		.eabi_attribute 26, 1
   9              		.eabi_attribute 30, 6
  10              		.eabi_attribute 34, 0
  11              		.eabi_attribute 18, 4
  12              		.code	16
  13              		.file	"cyfitter_cfg.c"
  14              		.text
  15              	.Ltext0:
  16              		.cfi_sections	.debug_frame
  17              		.section	.text.CYMEMZERO,"ax",%progbits
  18              		.align	2
  19              		.code	16
  20              		.thumb_func
  21              		.type	CYMEMZERO, %function
  22              	CYMEMZERO:
  23              	.LFB2:
  24              		.file 1 ".\\Generated_Source\\PSoC4\\cyfitter_cfg.c"
   1:.\Generated_Source\PSoC4/cyfitter_cfg.c **** /*******************************************************************************
   2:.\Generated_Source\PSoC4/cyfitter_cfg.c **** * File Name: cyfitter_cfg.c
   3:.\Generated_Source\PSoC4/cyfitter_cfg.c **** * 
   4:.\Generated_Source\PSoC4/cyfitter_cfg.c **** * PSoC Creator  3.3 SP2
   5:.\Generated_Source\PSoC4/cyfitter_cfg.c **** *
   6:.\Generated_Source\PSoC4/cyfitter_cfg.c **** * Description:
   7:.\Generated_Source\PSoC4/cyfitter_cfg.c **** * This file contains device initialization code.
   8:.\Generated_Source\PSoC4/cyfitter_cfg.c **** * Except for the user defined sections in CyClockStartupError(), this file should not be modified.
   9:.\Generated_Source\PSoC4/cyfitter_cfg.c **** * This file is automatically generated by PSoC Creator.
  10:.\Generated_Source\PSoC4/cyfitter_cfg.c **** *
  11:.\Generated_Source\PSoC4/cyfitter_cfg.c **** ********************************************************************************
  12:.\Generated_Source\PSoC4/cyfitter_cfg.c **** * Copyright (c) 2007-2016 Cypress Semiconductor.  All rights reserved.
  13:.\Generated_Source\PSoC4/cyfitter_cfg.c **** * You may use this file only in accordance with the license, terms, conditions, 
  14:.\Generated_Source\PSoC4/cyfitter_cfg.c **** * disclaimers, and limitations in the end user license agreement accompanying 
  15:.\Generated_Source\PSoC4/cyfitter_cfg.c **** * the software package with which this file was provided.
  16:.\Generated_Source\PSoC4/cyfitter_cfg.c **** ********************************************************************************/
  17:.\Generated_Source\PSoC4/cyfitter_cfg.c **** 
  18:.\Generated_Source\PSoC4/cyfitter_cfg.c **** #include <string.h>
  19:.\Generated_Source\PSoC4/cyfitter_cfg.c **** #include "cytypes.h"
  20:.\Generated_Source\PSoC4/cyfitter_cfg.c **** #include "cydevice_trm.h"
  21:.\Generated_Source\PSoC4/cyfitter_cfg.c **** #include "cyfitter.h"
  22:.\Generated_Source\PSoC4/cyfitter_cfg.c **** #include "CyLib.h"
  23:.\Generated_Source\PSoC4/cyfitter_cfg.c **** #include "cyfitter_cfg.h"
  24:.\Generated_Source\PSoC4/cyfitter_cfg.c **** 
  25:.\Generated_Source\PSoC4/cyfitter_cfg.c **** 
  26:.\Generated_Source\PSoC4/cyfitter_cfg.c **** #if defined(__GNUC__) || defined(__ARMCC_VERSION)
  27:.\Generated_Source\PSoC4/cyfitter_cfg.c ****     #define CYPACKED 
  28:.\Generated_Source\PSoC4/cyfitter_cfg.c ****     #define CYPACKED_ATTR __attribute__ ((packed))
  29:.\Generated_Source\PSoC4/cyfitter_cfg.c ****     #define CYALIGNED __attribute__ ((aligned))
  30:.\Generated_Source\PSoC4/cyfitter_cfg.c ****     #define CY_CFG_UNUSED __attribute__ ((unused))
  31:.\Generated_Source\PSoC4/cyfitter_cfg.c ****     #ifndef CY_CFG_SECTION
  32:.\Generated_Source\PSoC4/cyfitter_cfg.c ****         #define CY_CFG_SECTION __attribute__ ((section(".psocinit")))
  33:.\Generated_Source\PSoC4/cyfitter_cfg.c ****     #endif
ARM GAS  C:\Users\Midori\AppData\Local\Temp\ccvtvnAj.s 			page 2


  34:.\Generated_Source\PSoC4/cyfitter_cfg.c ****     
  35:.\Generated_Source\PSoC4/cyfitter_cfg.c ****     #if defined(__ARMCC_VERSION)
  36:.\Generated_Source\PSoC4/cyfitter_cfg.c ****         #define CY_CFG_MEMORY_BARRIER() __memory_changed()
  37:.\Generated_Source\PSoC4/cyfitter_cfg.c ****     #else
  38:.\Generated_Source\PSoC4/cyfitter_cfg.c ****         #define CY_CFG_MEMORY_BARRIER() __sync_synchronize()
  39:.\Generated_Source\PSoC4/cyfitter_cfg.c ****     #endif
  40:.\Generated_Source\PSoC4/cyfitter_cfg.c ****     
  41:.\Generated_Source\PSoC4/cyfitter_cfg.c **** #elif defined(__ICCARM__)
  42:.\Generated_Source\PSoC4/cyfitter_cfg.c ****     #include <intrinsics.h>
  43:.\Generated_Source\PSoC4/cyfitter_cfg.c **** 
  44:.\Generated_Source\PSoC4/cyfitter_cfg.c ****     #define CYPACKED __packed
  45:.\Generated_Source\PSoC4/cyfitter_cfg.c ****     #define CYPACKED_ATTR 
  46:.\Generated_Source\PSoC4/cyfitter_cfg.c ****     #define CYALIGNED _Pragma("data_alignment=4")
  47:.\Generated_Source\PSoC4/cyfitter_cfg.c ****     #define CY_CFG_UNUSED _Pragma("diag_suppress=Pe177")
  48:.\Generated_Source\PSoC4/cyfitter_cfg.c ****     #define CY_CFG_SECTION _Pragma("location=\".psocinit\"")
  49:.\Generated_Source\PSoC4/cyfitter_cfg.c ****     
  50:.\Generated_Source\PSoC4/cyfitter_cfg.c ****     #define CY_CFG_MEMORY_BARRIER() __DMB()
  51:.\Generated_Source\PSoC4/cyfitter_cfg.c ****     
  52:.\Generated_Source\PSoC4/cyfitter_cfg.c **** #else
  53:.\Generated_Source\PSoC4/cyfitter_cfg.c ****     #error Unsupported toolchain
  54:.\Generated_Source\PSoC4/cyfitter_cfg.c **** #endif
  55:.\Generated_Source\PSoC4/cyfitter_cfg.c **** 
  56:.\Generated_Source\PSoC4/cyfitter_cfg.c **** 
  57:.\Generated_Source\PSoC4/cyfitter_cfg.c **** CY_CFG_UNUSED
  58:.\Generated_Source\PSoC4/cyfitter_cfg.c **** static void CYMEMZERO(void *s, size_t n);
  59:.\Generated_Source\PSoC4/cyfitter_cfg.c **** CY_CFG_UNUSED
  60:.\Generated_Source\PSoC4/cyfitter_cfg.c **** static void CYMEMZERO(void *s, size_t n)
  61:.\Generated_Source\PSoC4/cyfitter_cfg.c **** {
  25              		.loc 1 61 0
  26              		.cfi_startproc
  27 0000 80B5     		push	{r7, lr}
  28              		.cfi_def_cfa_offset 8
  29              		.cfi_offset 7, -8
  30              		.cfi_offset 14, -4
  31 0002 82B0     		sub	sp, sp, #8
  32              		.cfi_def_cfa_offset 16
  33 0004 00AF     		add	r7, sp, #0
  34              		.cfi_def_cfa_register 7
  35 0006 7860     		str	r0, [r7, #4]
  36 0008 3960     		str	r1, [r7]
  62:.\Generated_Source\PSoC4/cyfitter_cfg.c **** 	(void)memset(s, 0, n);
  37              		.loc 1 62 0
  38 000a 7A68     		ldr	r2, [r7, #4]
  39 000c 3B68     		ldr	r3, [r7]
  40 000e 101C     		mov	r0, r2
  41 0010 0021     		mov	r1, #0
  42 0012 1A1C     		mov	r2, r3
  43 0014 FFF7FEFF 		bl	memset
  63:.\Generated_Source\PSoC4/cyfitter_cfg.c **** }
  44              		.loc 1 63 0
  45 0018 BD46     		mov	sp, r7
  46 001a 02B0     		add	sp, sp, #8
  47              		@ sp needed
  48 001c 80BD     		pop	{r7, pc}
  49              		.cfi_endproc
  50              	.LFE2:
  51              		.size	CYMEMZERO, .-CYMEMZERO
ARM GAS  C:\Users\Midori\AppData\Local\Temp\ccvtvnAj.s 			page 3


  52 001e C046     		.section	.text.CYCONFIGCPY,"ax",%progbits
  53              		.align	2
  54              		.code	16
  55              		.thumb_func
  56              		.type	CYCONFIGCPY, %function
  57              	CYCONFIGCPY:
  58              	.LFB3:
  64:.\Generated_Source\PSoC4/cyfitter_cfg.c **** CY_CFG_UNUSED
  65:.\Generated_Source\PSoC4/cyfitter_cfg.c **** static void CYCONFIGCPY(void *dest, const void *src, size_t n);
  66:.\Generated_Source\PSoC4/cyfitter_cfg.c **** CY_CFG_UNUSED
  67:.\Generated_Source\PSoC4/cyfitter_cfg.c **** static void CYCONFIGCPY(void *dest, const void *src, size_t n)
  68:.\Generated_Source\PSoC4/cyfitter_cfg.c **** {
  59              		.loc 1 68 0
  60              		.cfi_startproc
  61 0000 80B5     		push	{r7, lr}
  62              		.cfi_def_cfa_offset 8
  63              		.cfi_offset 7, -8
  64              		.cfi_offset 14, -4
  65 0002 84B0     		sub	sp, sp, #16
  66              		.cfi_def_cfa_offset 24
  67 0004 00AF     		add	r7, sp, #0
  68              		.cfi_def_cfa_register 7
  69 0006 F860     		str	r0, [r7, #12]
  70 0008 B960     		str	r1, [r7, #8]
  71 000a 7A60     		str	r2, [r7, #4]
  69:.\Generated_Source\PSoC4/cyfitter_cfg.c **** 	(void)memcpy(dest, src, n);
  72              		.loc 1 69 0
  73 000c F968     		ldr	r1, [r7, #12]
  74 000e BA68     		ldr	r2, [r7, #8]
  75 0010 7B68     		ldr	r3, [r7, #4]
  76 0012 081C     		mov	r0, r1
  77 0014 111C     		mov	r1, r2
  78 0016 1A1C     		mov	r2, r3
  79 0018 FFF7FEFF 		bl	memcpy
  70:.\Generated_Source\PSoC4/cyfitter_cfg.c **** }
  80              		.loc 1 70 0
  81 001c BD46     		mov	sp, r7
  82 001e 04B0     		add	sp, sp, #16
  83              		@ sp needed
  84 0020 80BD     		pop	{r7, pc}
  85              		.cfi_endproc
  86              	.LFE3:
  87              		.size	CYCONFIGCPY, .-CYCONFIGCPY
  88 0022 C046     		.section	.text.CYCONFIGCPYCODE,"ax",%progbits
  89              		.align	2
  90              		.code	16
  91              		.thumb_func
  92              		.type	CYCONFIGCPYCODE, %function
  93              	CYCONFIGCPYCODE:
  94              	.LFB4:
  71:.\Generated_Source\PSoC4/cyfitter_cfg.c **** CY_CFG_UNUSED
  72:.\Generated_Source\PSoC4/cyfitter_cfg.c **** static void CYCONFIGCPYCODE(void *dest, const void *src, size_t n);
  73:.\Generated_Source\PSoC4/cyfitter_cfg.c **** CY_CFG_UNUSED
  74:.\Generated_Source\PSoC4/cyfitter_cfg.c **** static void CYCONFIGCPYCODE(void *dest, const void *src, size_t n)
  75:.\Generated_Source\PSoC4/cyfitter_cfg.c **** {
  95              		.loc 1 75 0
  96              		.cfi_startproc
ARM GAS  C:\Users\Midori\AppData\Local\Temp\ccvtvnAj.s 			page 4


  97 0000 80B5     		push	{r7, lr}
  98              		.cfi_def_cfa_offset 8
  99              		.cfi_offset 7, -8
 100              		.cfi_offset 14, -4
 101 0002 84B0     		sub	sp, sp, #16
 102              		.cfi_def_cfa_offset 24
 103 0004 00AF     		add	r7, sp, #0
 104              		.cfi_def_cfa_register 7
 105 0006 F860     		str	r0, [r7, #12]
 106 0008 B960     		str	r1, [r7, #8]
 107 000a 7A60     		str	r2, [r7, #4]
  76:.\Generated_Source\PSoC4/cyfitter_cfg.c **** 	(void)memcpy(dest, src, n);
 108              		.loc 1 76 0
 109 000c F968     		ldr	r1, [r7, #12]
 110 000e BA68     		ldr	r2, [r7, #8]
 111 0010 7B68     		ldr	r3, [r7, #4]
 112 0012 081C     		mov	r0, r1
 113 0014 111C     		mov	r1, r2
 114 0016 1A1C     		mov	r2, r3
 115 0018 FFF7FEFF 		bl	memcpy
  77:.\Generated_Source\PSoC4/cyfitter_cfg.c **** }
 116              		.loc 1 77 0
 117 001c BD46     		mov	sp, r7
 118 001e 04B0     		add	sp, sp, #16
 119              		@ sp needed
 120 0020 80BD     		pop	{r7, pc}
 121              		.cfi_endproc
 122              	.LFE4:
 123              		.size	CYCONFIGCPYCODE, .-CYCONFIGCPYCODE
 124 0022 C046     		.section	.psocinit,"ax",%progbits
 125              		.align	2
 126              		.code	16
 127              		.thumb_func
 128              		.type	ClockSetup, %function
 129              	ClockSetup:
 130              	.LFB5:
  78:.\Generated_Source\PSoC4/cyfitter_cfg.c **** 
  79:.\Generated_Source\PSoC4/cyfitter_cfg.c **** 
  80:.\Generated_Source\PSoC4/cyfitter_cfg.c **** 
  81:.\Generated_Source\PSoC4/cyfitter_cfg.c **** /* Clock startup error codes                                                   */
  82:.\Generated_Source\PSoC4/cyfitter_cfg.c **** #define CYCLOCKSTART_NO_ERROR    0u
  83:.\Generated_Source\PSoC4/cyfitter_cfg.c **** #define CYCLOCKSTART_XTAL_ERROR  1u
  84:.\Generated_Source\PSoC4/cyfitter_cfg.c **** #define CYCLOCKSTART_32KHZ_ERROR 2u
  85:.\Generated_Source\PSoC4/cyfitter_cfg.c **** #define CYCLOCKSTART_PLL_ERROR   3u
  86:.\Generated_Source\PSoC4/cyfitter_cfg.c **** 
  87:.\Generated_Source\PSoC4/cyfitter_cfg.c **** #ifdef CY_NEED_CYCLOCKSTARTUPERROR
  88:.\Generated_Source\PSoC4/cyfitter_cfg.c **** /*******************************************************************************
  89:.\Generated_Source\PSoC4/cyfitter_cfg.c **** * Function Name: CyClockStartupError
  90:.\Generated_Source\PSoC4/cyfitter_cfg.c **** ********************************************************************************
  91:.\Generated_Source\PSoC4/cyfitter_cfg.c **** * Summary:
  92:.\Generated_Source\PSoC4/cyfitter_cfg.c **** *  If an error is encountered during clock configuration (crystal startup error,
  93:.\Generated_Source\PSoC4/cyfitter_cfg.c **** *  PLL lock error, etc.), the system will end up here.  Unless reimplemented by
  94:.\Generated_Source\PSoC4/cyfitter_cfg.c **** *  the customer, this function will stop in an infinite loop.
  95:.\Generated_Source\PSoC4/cyfitter_cfg.c **** *
  96:.\Generated_Source\PSoC4/cyfitter_cfg.c **** * Parameters:
  97:.\Generated_Source\PSoC4/cyfitter_cfg.c **** *   void
  98:.\Generated_Source\PSoC4/cyfitter_cfg.c **** *
ARM GAS  C:\Users\Midori\AppData\Local\Temp\ccvtvnAj.s 			page 5


  99:.\Generated_Source\PSoC4/cyfitter_cfg.c **** * Return:
 100:.\Generated_Source\PSoC4/cyfitter_cfg.c **** *   void
 101:.\Generated_Source\PSoC4/cyfitter_cfg.c **** *
 102:.\Generated_Source\PSoC4/cyfitter_cfg.c **** *******************************************************************************/
 103:.\Generated_Source\PSoC4/cyfitter_cfg.c **** CY_CFG_UNUSED
 104:.\Generated_Source\PSoC4/cyfitter_cfg.c **** static void CyClockStartupError(uint8 errorCode);
 105:.\Generated_Source\PSoC4/cyfitter_cfg.c **** CY_CFG_UNUSED
 106:.\Generated_Source\PSoC4/cyfitter_cfg.c **** static void CyClockStartupError(uint8 errorCode)
 107:.\Generated_Source\PSoC4/cyfitter_cfg.c **** {
 108:.\Generated_Source\PSoC4/cyfitter_cfg.c ****     /* To remove the compiler warning if errorCode not used.                */
 109:.\Generated_Source\PSoC4/cyfitter_cfg.c ****     errorCode = errorCode;
 110:.\Generated_Source\PSoC4/cyfitter_cfg.c **** 
 111:.\Generated_Source\PSoC4/cyfitter_cfg.c ****     /* `#START CyClockStartupError` */
 112:.\Generated_Source\PSoC4/cyfitter_cfg.c **** 
 113:.\Generated_Source\PSoC4/cyfitter_cfg.c ****     /* If we have a clock startup error (bad MHz crystal, PLL lock, etc.),  */
 114:.\Generated_Source\PSoC4/cyfitter_cfg.c ****     /* we will end up here to allow the customer to implement something to  */
 115:.\Generated_Source\PSoC4/cyfitter_cfg.c ****     /* deal with the clock condition.                                       */
 116:.\Generated_Source\PSoC4/cyfitter_cfg.c **** 
 117:.\Generated_Source\PSoC4/cyfitter_cfg.c ****     /* `#END` */
 118:.\Generated_Source\PSoC4/cyfitter_cfg.c **** 
 119:.\Generated_Source\PSoC4/cyfitter_cfg.c ****     /* If nothing else, stop here since the clocks have not started         */
 120:.\Generated_Source\PSoC4/cyfitter_cfg.c ****     /* correctly.                                                           */
 121:.\Generated_Source\PSoC4/cyfitter_cfg.c ****     while(1) {}
 122:.\Generated_Source\PSoC4/cyfitter_cfg.c **** }
 123:.\Generated_Source\PSoC4/cyfitter_cfg.c **** #endif
 124:.\Generated_Source\PSoC4/cyfitter_cfg.c **** 
 125:.\Generated_Source\PSoC4/cyfitter_cfg.c **** 
 126:.\Generated_Source\PSoC4/cyfitter_cfg.c **** 
 127:.\Generated_Source\PSoC4/cyfitter_cfg.c **** /*******************************************************************************
 128:.\Generated_Source\PSoC4/cyfitter_cfg.c **** * Function Name: ClockSetup
 129:.\Generated_Source\PSoC4/cyfitter_cfg.c **** ********************************************************************************
 130:.\Generated_Source\PSoC4/cyfitter_cfg.c **** *
 131:.\Generated_Source\PSoC4/cyfitter_cfg.c **** * Summary:
 132:.\Generated_Source\PSoC4/cyfitter_cfg.c **** *   Performs the initialization of all of the clocks in the device based on the
 133:.\Generated_Source\PSoC4/cyfitter_cfg.c **** *   settings in the Clock tab of the DWR.  This includes enabling the requested
 134:.\Generated_Source\PSoC4/cyfitter_cfg.c **** *   clocks and setting the necessary dividers to produce the desired frequency. 
 135:.\Generated_Source\PSoC4/cyfitter_cfg.c **** *
 136:.\Generated_Source\PSoC4/cyfitter_cfg.c **** * Parameters:
 137:.\Generated_Source\PSoC4/cyfitter_cfg.c **** *   void
 138:.\Generated_Source\PSoC4/cyfitter_cfg.c **** *
 139:.\Generated_Source\PSoC4/cyfitter_cfg.c **** * Return:
 140:.\Generated_Source\PSoC4/cyfitter_cfg.c **** *   void
 141:.\Generated_Source\PSoC4/cyfitter_cfg.c **** *
 142:.\Generated_Source\PSoC4/cyfitter_cfg.c **** *******************************************************************************/
 143:.\Generated_Source\PSoC4/cyfitter_cfg.c **** static void ClockSetup(void);
 144:.\Generated_Source\PSoC4/cyfitter_cfg.c **** CY_CFG_SECTION
 145:.\Generated_Source\PSoC4/cyfitter_cfg.c **** static void ClockSetup(void)
 146:.\Generated_Source\PSoC4/cyfitter_cfg.c **** {
 131              		.loc 1 146 0
 132              		.cfi_startproc
 133 0000 80B5     		push	{r7, lr}
 134              		.cfi_def_cfa_offset 8
 135              		.cfi_offset 7, -8
 136              		.cfi_offset 14, -4
 137 0002 00AF     		add	r7, sp, #0
 138              		.cfi_def_cfa_register 7
 147:.\Generated_Source\PSoC4/cyfitter_cfg.c **** 
ARM GAS  C:\Users\Midori\AppData\Local\Temp\ccvtvnAj.s 			page 6


 148:.\Generated_Source\PSoC4/cyfitter_cfg.c **** 	/* Set Flash Cycles based on max possible frequency in case a glitch occurs during ClockSetup(). *
 149:.\Generated_Source\PSoC4/cyfitter_cfg.c **** 	CY_SET_REG32((void CYXDATA *)(CYREG_CPUSS_FLASH_CTL), (0x0012u));
 139              		.loc 1 149 0
 140 0004 1E4B     		ldr	r3, .L5
 141 0006 1222     		mov	r2, #18
 142 0008 1A60     		str	r2, [r3]
 150:.\Generated_Source\PSoC4/cyfitter_cfg.c **** 
 151:.\Generated_Source\PSoC4/cyfitter_cfg.c **** 	/* Start the WCO */
 152:.\Generated_Source\PSoC4/cyfitter_cfg.c **** 	CySysClkWcoStart();
 143              		.loc 1 152 0
 144 000a FFF7FEFF 		bl	CySysClkWcoStart
 153:.\Generated_Source\PSoC4/cyfitter_cfg.c **** 	CyDelayCycles(12000000u); /* WCO may take up to 500ms to start */
 145              		.loc 1 153 0
 146 000e 1D4B     		ldr	r3, .L5+4
 147 0010 181C     		mov	r0, r3
 148 0012 FFF7FEFF 		bl	CyDelayCycles
 154:.\Generated_Source\PSoC4/cyfitter_cfg.c **** 	(void)CySysClkWcoSetPowerMode(CY_SYS_CLK_WCO_LPM);    /* Switch to the low power mode */
 149              		.loc 1 154 0
 150 0016 0120     		mov	r0, #1
 151 0018 FFF7FEFF 		bl	CySysClkWcoSetPowerMode
 155:.\Generated_Source\PSoC4/cyfitter_cfg.c **** 
 156:.\Generated_Source\PSoC4/cyfitter_cfg.c **** 	/* Setup and trim IMO based on desired frequency. */
 157:.\Generated_Source\PSoC4/cyfitter_cfg.c **** 	CySysClkWriteImoFreq(12u);
 152              		.loc 1 157 0
 153 001c 0C20     		mov	r0, #12
 154 001e FFF7FEFF 		bl	CySysClkWriteImoFreq
 158:.\Generated_Source\PSoC4/cyfitter_cfg.c **** 	/* CYDEV_CLK_ILO_CONFIG Starting address: CYDEV_CLK_ILO_CONFIG */
 159:.\Generated_Source\PSoC4/cyfitter_cfg.c **** 	CY_SET_XTND_REG32((void CYFAR *)(CYREG_CLK_ILO_CONFIG), 0x80000006u);
 155              		.loc 1 159 0
 156 0022 194B     		ldr	r3, .L5+8
 157 0024 194A     		ldr	r2, .L5+12
 158 0026 1A60     		str	r2, [r3]
 160:.\Generated_Source\PSoC4/cyfitter_cfg.c **** 
 161:.\Generated_Source\PSoC4/cyfitter_cfg.c **** 	/* CYDEV_WDT_CONFIG Starting address: CYDEV_WDT_CONFIG */
 162:.\Generated_Source\PSoC4/cyfitter_cfg.c **** 	CY_SET_XTND_REG32((void CYFAR *)(CYREG_WDT_CONFIG), 0x40000000u);
 159              		.loc 1 162 0
 160 0028 194B     		ldr	r3, .L5+16
 161 002a 8022     		mov	r2, #128
 162 002c D205     		lsl	r2, r2, #23
 163 002e 1A60     		str	r2, [r3]
 163:.\Generated_Source\PSoC4/cyfitter_cfg.c **** 
 164:.\Generated_Source\PSoC4/cyfitter_cfg.c **** 
 165:.\Generated_Source\PSoC4/cyfitter_cfg.c **** 	/* Enable fast start mode for XO */
 166:.\Generated_Source\PSoC4/cyfitter_cfg.c **** 	CY_SET_REG32((void*)CYREG_BLE_BLERD_BB_XO, CY_GET_REG32((void*)CYREG_BLE_BLERD_BB_XO) | (uint32)0x
 164              		.loc 1 166 0
 165 0030 184B     		ldr	r3, .L5+20
 166 0032 184A     		ldr	r2, .L5+20
 167 0034 1268     		ldr	r2, [r2]
 168 0036 0221     		mov	r1, #2
 169 0038 0A43     		orr	r2, r1
 170 003a 1A60     		str	r2, [r3]
 167:.\Generated_Source\PSoC4/cyfitter_cfg.c **** 	CY_SET_XTND_REG32((void CYFAR *)(CYREG_BLE_BLERD_BB_XO_CAPTRIM), 0x00003E2Du);
 171              		.loc 1 167 0
 172 003c 164B     		ldr	r3, .L5+24
 173 003e 174A     		ldr	r2, .L5+28
 174 0040 1A60     		str	r2, [r3]
 168:.\Generated_Source\PSoC4/cyfitter_cfg.c **** 	/* Disable Crystal Stable Interrupt before enabling ECO */
ARM GAS  C:\Users\Midori\AppData\Local\Temp\ccvtvnAj.s 			page 7


 169:.\Generated_Source\PSoC4/cyfitter_cfg.c **** 	CY_SET_REG32((void*)CYREG_BLE_BLESS_LL_DSM_CTRL, CY_GET_REG32((void*)CYREG_BLE_BLESS_LL_DSM_CTRL) 
 175              		.loc 1 169 0
 176 0042 174B     		ldr	r3, .L5+32
 177 0044 164A     		ldr	r2, .L5+32
 178 0046 1268     		ldr	r2, [r2]
 179 0048 0821     		mov	r1, #8
 180 004a 8A43     		bic	r2, r1
 181 004c 1A60     		str	r2, [r3]
 170:.\Generated_Source\PSoC4/cyfitter_cfg.c **** 	/* Start the ECO and do not check status since it is not needed for HFCLK */
 171:.\Generated_Source\PSoC4/cyfitter_cfg.c **** 	(void)CySysClkEcoStart(2000u);
 182              		.loc 1 171 0
 183 004e FA23     		mov	r3, #250
 184 0050 DB00     		lsl	r3, r3, #3
 185 0052 181C     		mov	r0, r3
 186 0054 FFF7FEFF 		bl	CySysClkEcoStart
 172:.\Generated_Source\PSoC4/cyfitter_cfg.c **** 	CyDelayUs(1500u); /* Wait to stabalize */
 187              		.loc 1 172 0
 188 0058 124B     		ldr	r3, .L5+36
 189 005a 181C     		mov	r0, r3
 190 005c FFF7FEFF 		bl	CyDelayUs
 173:.\Generated_Source\PSoC4/cyfitter_cfg.c **** 
 174:.\Generated_Source\PSoC4/cyfitter_cfg.c **** 	/* Setup phase aligned clocks */
 175:.\Generated_Source\PSoC4/cyfitter_cfg.c **** 
 176:.\Generated_Source\PSoC4/cyfitter_cfg.c **** 	/* CYDEV_CLK_IMO_CONFIG Starting address: CYDEV_CLK_IMO_CONFIG */
 177:.\Generated_Source\PSoC4/cyfitter_cfg.c **** 	CY_SET_XTND_REG32((void CYFAR *)(CYREG_CLK_IMO_CONFIG), 0x80000000u);
 191              		.loc 1 177 0
 192 0060 114B     		ldr	r3, .L5+40
 193 0062 8022     		mov	r2, #128
 194 0064 1206     		lsl	r2, r2, #24
 195 0066 1A60     		str	r2, [r3]
 178:.\Generated_Source\PSoC4/cyfitter_cfg.c **** 
 179:.\Generated_Source\PSoC4/cyfitter_cfg.c **** 	/* CYDEV_CLK_SELECT Starting address: CYDEV_CLK_SELECT */
 180:.\Generated_Source\PSoC4/cyfitter_cfg.c **** 	CY_SET_XTND_REG32((void CYFAR *)(CYREG_CLK_SELECT), 0x00000000u);
 196              		.loc 1 180 0
 197 0068 104B     		ldr	r3, .L5+44
 198 006a 0022     		mov	r2, #0
 199 006c 1A60     		str	r2, [r3]
 181:.\Generated_Source\PSoC4/cyfitter_cfg.c **** 
 182:.\Generated_Source\PSoC4/cyfitter_cfg.c **** 	CY_SET_XTND_REG32((void CYFAR *)(CYREG_WDT_CONFIG), 0x40000000u);
 200              		.loc 1 182 0
 201 006e 084B     		ldr	r3, .L5+16
 202 0070 8022     		mov	r2, #128
 203 0072 D205     		lsl	r2, r2, #23
 204 0074 1A60     		str	r2, [r3]
 183:.\Generated_Source\PSoC4/cyfitter_cfg.c **** 	/* Set Flash Cycles based on newly configured 12.00MHz HFCLK. */
 184:.\Generated_Source\PSoC4/cyfitter_cfg.c **** 	CY_SET_REG32((void CYXDATA *)(CYREG_CPUSS_FLASH_CTL), (0x0000u));
 205              		.loc 1 184 0
 206 0076 024B     		ldr	r3, .L5
 207 0078 0022     		mov	r2, #0
 208 007a 1A60     		str	r2, [r3]
 185:.\Generated_Source\PSoC4/cyfitter_cfg.c **** }
 209              		.loc 1 185 0
 210 007c BD46     		mov	sp, r7
 211              		@ sp needed
 212 007e 80BD     		pop	{r7, pc}
 213              	.L6:
 214              		.align	2
ARM GAS  C:\Users\Midori\AppData\Local\Temp\ccvtvnAj.s 			page 8


 215              	.L5:
 216 0080 30001040 		.word	1074790448
 217 0084 001BB700 		.word	12000000
 218 0088 04010B40 		.word	1074462980
 219 008c 06000080 		.word	-2147483642
 220 0090 0C020B40 		.word	1074463244
 221 0094 78002E40 		.word	1076756600
 222 0098 7C002E40 		.word	1076756604
 223 009c 2D3E0000 		.word	15917
 224 00a0 6CF02E40 		.word	1076818028
 225 00a4 DC050000 		.word	1500
 226 00a8 08010B40 		.word	1074462984
 227 00ac 00010B40 		.word	1074462976
 228              		.cfi_endproc
 229              	.LFE5:
 230              		.size	ClockSetup, .-ClockSetup
 231              		.section	.text.AnalogSetDefault,"ax",%progbits
 232              		.align	2
 233              		.code	16
 234              		.thumb_func
 235              		.type	AnalogSetDefault, %function
 236              	AnalogSetDefault:
 237              	.LFB6:
 186:.\Generated_Source\PSoC4/cyfitter_cfg.c **** 
 187:.\Generated_Source\PSoC4/cyfitter_cfg.c **** 
 188:.\Generated_Source\PSoC4/cyfitter_cfg.c **** /* Analog API Functions */
 189:.\Generated_Source\PSoC4/cyfitter_cfg.c **** 
 190:.\Generated_Source\PSoC4/cyfitter_cfg.c **** 
 191:.\Generated_Source\PSoC4/cyfitter_cfg.c **** /*******************************************************************************
 192:.\Generated_Source\PSoC4/cyfitter_cfg.c **** * Function Name: AnalogSetDefault
 193:.\Generated_Source\PSoC4/cyfitter_cfg.c **** ********************************************************************************
 194:.\Generated_Source\PSoC4/cyfitter_cfg.c **** *
 195:.\Generated_Source\PSoC4/cyfitter_cfg.c **** * Summary:
 196:.\Generated_Source\PSoC4/cyfitter_cfg.c **** *  Sets up the analog portions of the chip to default values based on chip
 197:.\Generated_Source\PSoC4/cyfitter_cfg.c **** *  configuration options from the project.
 198:.\Generated_Source\PSoC4/cyfitter_cfg.c **** *
 199:.\Generated_Source\PSoC4/cyfitter_cfg.c **** * Parameters:
 200:.\Generated_Source\PSoC4/cyfitter_cfg.c **** *  void
 201:.\Generated_Source\PSoC4/cyfitter_cfg.c **** *
 202:.\Generated_Source\PSoC4/cyfitter_cfg.c **** * Return:
 203:.\Generated_Source\PSoC4/cyfitter_cfg.c **** *  void
 204:.\Generated_Source\PSoC4/cyfitter_cfg.c **** *
 205:.\Generated_Source\PSoC4/cyfitter_cfg.c **** *******************************************************************************/
 206:.\Generated_Source\PSoC4/cyfitter_cfg.c **** static void AnalogSetDefault(void);
 207:.\Generated_Source\PSoC4/cyfitter_cfg.c **** static void AnalogSetDefault(void)
 208:.\Generated_Source\PSoC4/cyfitter_cfg.c **** {
 238              		.loc 1 208 0
 239              		.cfi_startproc
 240 0000 80B5     		push	{r7, lr}
 241              		.cfi_def_cfa_offset 8
 242              		.cfi_offset 7, -8
 243              		.cfi_offset 14, -4
 244 0002 00AF     		add	r7, sp, #0
 245              		.cfi_def_cfa_register 7
 209:.\Generated_Source\PSoC4/cyfitter_cfg.c **** 	CY_SET_XTND_REG32((void CYFAR *)CYREG_CTBM0_DFT_CTRL, 0x00000003u);
 246              		.loc 1 209 0
 247 0004 054B     		ldr	r3, .L8
ARM GAS  C:\Users\Midori\AppData\Local\Temp\ccvtvnAj.s 			page 9


 248 0006 0322     		mov	r2, #3
 249 0008 1A60     		str	r2, [r3]
 210:.\Generated_Source\PSoC4/cyfitter_cfg.c **** 	CY_SET_XTND_REG32((void CYFAR *)CYREG_CTBM1_DFT_CTRL, 0x00000003u);
 250              		.loc 1 210 0
 251 000a 054B     		ldr	r3, .L8+4
 252 000c 0322     		mov	r2, #3
 253 000e 1A60     		str	r2, [r3]
 211:.\Generated_Source\PSoC4/cyfitter_cfg.c **** 	CY_SET_XTND_REG32((void CYFAR *)CYREG_PASS_DSAB_DSAB_CTRL, 0x00000000u);
 254              		.loc 1 211 0
 255 0010 044B     		ldr	r3, .L8+8
 256 0012 0022     		mov	r2, #0
 257 0014 1A60     		str	r2, [r3]
 212:.\Generated_Source\PSoC4/cyfitter_cfg.c **** }
 258              		.loc 1 212 0
 259 0016 BD46     		mov	sp, r7
 260              		@ sp needed
 261 0018 80BD     		pop	{r7, pc}
 262              	.L9:
 263 001a C046     		.align	2
 264              	.L8:
 265 001c 30003040 		.word	1076887600
 266 0020 30003140 		.word	1076953136
 267 0024 000E3F40 		.word	1077874176
 268              		.cfi_endproc
 269              	.LFE6:
 270              		.size	AnalogSetDefault, .-AnalogSetDefault
 271              		.section	.psocinit
 272              		.align	2
 273              		.global	cyfitter_cfg
 274              		.code	16
 275              		.thumb_func
 276              		.type	cyfitter_cfg, %function
 277              	cyfitter_cfg:
 278              	.LFB7:
 213:.\Generated_Source\PSoC4/cyfitter_cfg.c **** 
 214:.\Generated_Source\PSoC4/cyfitter_cfg.c **** #define CY_AMUX_UNUSED CYREG_CM0_ROM_DWT
 215:.\Generated_Source\PSoC4/cyfitter_cfg.c **** 
 216:.\Generated_Source\PSoC4/cyfitter_cfg.c **** 
 217:.\Generated_Source\PSoC4/cyfitter_cfg.c **** /*******************************************************************************
 218:.\Generated_Source\PSoC4/cyfitter_cfg.c **** * Function Name: cyfitter_cfg
 219:.\Generated_Source\PSoC4/cyfitter_cfg.c **** ********************************************************************************
 220:.\Generated_Source\PSoC4/cyfitter_cfg.c **** * Summary:
 221:.\Generated_Source\PSoC4/cyfitter_cfg.c **** *  This function is called by the start-up code for the selected device. It
 222:.\Generated_Source\PSoC4/cyfitter_cfg.c **** *  performs all of the necessary device configuration based on the design
 223:.\Generated_Source\PSoC4/cyfitter_cfg.c **** *  settings.  This includes settings from the Design Wide Resources (DWR) such
 224:.\Generated_Source\PSoC4/cyfitter_cfg.c **** *  as Clocks and Pins as well as any component configuration that is necessary.
 225:.\Generated_Source\PSoC4/cyfitter_cfg.c **** *
 226:.\Generated_Source\PSoC4/cyfitter_cfg.c **** * Parameters:  
 227:.\Generated_Source\PSoC4/cyfitter_cfg.c **** *   void
 228:.\Generated_Source\PSoC4/cyfitter_cfg.c **** *
 229:.\Generated_Source\PSoC4/cyfitter_cfg.c **** * Return:
 230:.\Generated_Source\PSoC4/cyfitter_cfg.c **** *   void
 231:.\Generated_Source\PSoC4/cyfitter_cfg.c **** *
 232:.\Generated_Source\PSoC4/cyfitter_cfg.c **** *******************************************************************************/
 233:.\Generated_Source\PSoC4/cyfitter_cfg.c **** CY_CFG_SECTION
 234:.\Generated_Source\PSoC4/cyfitter_cfg.c **** void cyfitter_cfg(void)
 235:.\Generated_Source\PSoC4/cyfitter_cfg.c **** {
ARM GAS  C:\Users\Midori\AppData\Local\Temp\ccvtvnAj.s 			page 10


 279              		.loc 1 235 0
 280              		.cfi_startproc
 281 00b0 80B5     		push	{r7, lr}
 282              		.cfi_def_cfa_offset 8
 283              		.cfi_offset 7, -8
 284              		.cfi_offset 14, -4
 285 00b2 82B0     		sub	sp, sp, #8
 286              		.cfi_def_cfa_offset 16
 287 00b4 00AF     		add	r7, sp, #0
 288              		.cfi_def_cfa_register 7
 236:.\Generated_Source\PSoC4/cyfitter_cfg.c **** 	/* Disable interrupts by default. Let user enable if/when they want. */
 237:.\Generated_Source\PSoC4/cyfitter_cfg.c **** 	CyGlobalIntDisable;
 289              		.loc 1 237 0
 290              	@ 237 ".\Generated_Source\PSoC4\cyfitter_cfg.c" 1
 291 00b6 72B6     		CPSID   i
 292              	@ 0 "" 2
 238:.\Generated_Source\PSoC4/cyfitter_cfg.c **** 
 239:.\Generated_Source\PSoC4/cyfitter_cfg.c **** 	CY_SET_XTND_REG32((void CYFAR *)(CYREG_BLE_BLESS_LL_DSM_CTRL), 0x00000000u);
 293              		.loc 1 239 0
 294              		.code	16
 295 00b8 2E4B     		ldr	r3, .L13
 296 00ba 0022     		mov	r2, #0
 297 00bc 1A60     		str	r2, [r3]
 298              	.LBB2:
 240:.\Generated_Source\PSoC4/cyfitter_cfg.c **** 
 241:.\Generated_Source\PSoC4/cyfitter_cfg.c **** 	{
 242:.\Generated_Source\PSoC4/cyfitter_cfg.c **** 
 243:.\Generated_Source\PSoC4/cyfitter_cfg.c **** 		CYPACKED typedef struct {
 244:.\Generated_Source\PSoC4/cyfitter_cfg.c **** 			void CYFAR *address;
 245:.\Generated_Source\PSoC4/cyfitter_cfg.c **** 			uint16 size;
 246:.\Generated_Source\PSoC4/cyfitter_cfg.c **** 		} CYPACKED_ATTR cfg_memset_t;
 247:.\Generated_Source\PSoC4/cyfitter_cfg.c **** 
 248:.\Generated_Source\PSoC4/cyfitter_cfg.c **** 		static const cfg_memset_t CYCODE cfg_memset_list [] = {
 249:.\Generated_Source\PSoC4/cyfitter_cfg.c **** 			/* address, size */
 250:.\Generated_Source\PSoC4/cyfitter_cfg.c **** 			{(void CYFAR *)(CYDEV_UDB_P0_U0_BASE), 1024u},
 251:.\Generated_Source\PSoC4/cyfitter_cfg.c **** 			{(void CYFAR *)(CYDEV_UDB_DSI0_BASE), 1024u},
 252:.\Generated_Source\PSoC4/cyfitter_cfg.c **** 		};
 253:.\Generated_Source\PSoC4/cyfitter_cfg.c **** 
 254:.\Generated_Source\PSoC4/cyfitter_cfg.c **** 		uint8 CYDATA i;
 255:.\Generated_Source\PSoC4/cyfitter_cfg.c **** 
 256:.\Generated_Source\PSoC4/cyfitter_cfg.c **** 		/* Zero out critical memory blocks before beginning configuration */
 257:.\Generated_Source\PSoC4/cyfitter_cfg.c **** 		for (i = 0u; i < (sizeof(cfg_memset_list)/sizeof(cfg_memset_list[0])); i++)
 299              		.loc 1 257 0
 300 00be FB1D     		add	r3, r7, #7
 301 00c0 0022     		mov	r2, #0
 302 00c2 1A70     		strb	r2, [r3]
 303 00c4 23E0     		b	.L11
 304              	.L12:
 305              	.LBB3:
 258:.\Generated_Source\PSoC4/cyfitter_cfg.c **** 		{
 259:.\Generated_Source\PSoC4/cyfitter_cfg.c **** 			const cfg_memset_t CYCODE * CYDATA ms = &cfg_memset_list[i];
 306              		.loc 1 259 0 discriminator 3
 307 00c6 FB1D     		add	r3, r7, #7
 308 00c8 1A78     		ldrb	r2, [r3]
 309 00ca 131C     		mov	r3, r2
 310 00cc 5B00     		lsl	r3, r3, #1
 311 00ce 9B18     		add	r3, r3, r2
ARM GAS  C:\Users\Midori\AppData\Local\Temp\ccvtvnAj.s 			page 11


 312 00d0 5B00     		lsl	r3, r3, #1
 313 00d2 294A     		ldr	r2, .L13+4
 314 00d4 9B18     		add	r3, r3, r2
 315 00d6 3B60     		str	r3, [r7]
 260:.\Generated_Source\PSoC4/cyfitter_cfg.c **** 			CYMEMZERO(ms->address, (size_t)(uint32)(ms->size));
 316              		.loc 1 260 0 discriminator 3
 317 00d8 3B68     		ldr	r3, [r7]
 318 00da 1A78     		ldrb	r2, [r3]
 319 00dc 5978     		ldrb	r1, [r3, #1]
 320 00de 0902     		lsl	r1, r1, #8
 321 00e0 0A43     		orr	r2, r1
 322 00e2 9978     		ldrb	r1, [r3, #2]
 323 00e4 0904     		lsl	r1, r1, #16
 324 00e6 0A43     		orr	r2, r1
 325 00e8 DB78     		ldrb	r3, [r3, #3]
 326 00ea 1B06     		lsl	r3, r3, #24
 327 00ec 1343     		orr	r3, r2
 328 00ee 191C     		mov	r1, r3
 329 00f0 3B68     		ldr	r3, [r7]
 330 00f2 1A79     		ldrb	r2, [r3, #4]
 331 00f4 5B79     		ldrb	r3, [r3, #5]
 332 00f6 1B02     		lsl	r3, r3, #8
 333 00f8 1343     		orr	r3, r2
 334 00fa 9BB2     		uxth	r3, r3
 335 00fc 081C     		mov	r0, r1
 336 00fe 191C     		mov	r1, r3
 337 0100 FFF7FEFF 		bl	CYMEMZERO
 338              	.LBE3:
 257:.\Generated_Source\PSoC4/cyfitter_cfg.c **** 		{
 339              		.loc 1 257 0 discriminator 3
 340 0104 FB1D     		add	r3, r7, #7
 341 0106 1A78     		ldrb	r2, [r3]
 342 0108 FB1D     		add	r3, r7, #7
 343 010a 0132     		add	r2, r2, #1
 344 010c 1A70     		strb	r2, [r3]
 345              	.L11:
 257:.\Generated_Source\PSoC4/cyfitter_cfg.c **** 		{
 346              		.loc 1 257 0 is_stmt 0 discriminator 1
 347 010e FB1D     		add	r3, r7, #7
 348 0110 1B78     		ldrb	r3, [r3]
 349 0112 012B     		cmp	r3, #1
 350 0114 D7D9     		bls	.L12
 261:.\Generated_Source\PSoC4/cyfitter_cfg.c **** 		}
 262:.\Generated_Source\PSoC4/cyfitter_cfg.c **** 
 263:.\Generated_Source\PSoC4/cyfitter_cfg.c **** 		/* FORCED_HSIOM Starting address: CYDEV_HSIOM_PORT_SEL0 */
 264:.\Generated_Source\PSoC4/cyfitter_cfg.c **** 		CY_SET_XTND_REG32((void CYFAR *)(CYREG_HSIOM_PORT_SEL0), 0x00000000u);
 351              		.loc 1 264 0 is_stmt 1
 352 0116 194B     		ldr	r3, .L13+8
 353 0118 0022     		mov	r2, #0
 354 011a 1A60     		str	r2, [r3]
 265:.\Generated_Source\PSoC4/cyfitter_cfg.c **** 
 266:.\Generated_Source\PSoC4/cyfitter_cfg.c **** 		/* IOPINS0_0 Starting address: CYDEV_GPIO_PRT0_PC */
 267:.\Generated_Source\PSoC4/cyfitter_cfg.c **** 		CY_SET_XTND_REG32((void CYFAR *)(CYREG_GPIO_PRT0_PC), 0x00000000u);
 355              		.loc 1 267 0
 356 011c 184B     		ldr	r3, .L13+12
 357 011e 0022     		mov	r2, #0
 358 0120 1A60     		str	r2, [r3]
ARM GAS  C:\Users\Midori\AppData\Local\Temp\ccvtvnAj.s 			page 12


 268:.\Generated_Source\PSoC4/cyfitter_cfg.c **** 
 269:.\Generated_Source\PSoC4/cyfitter_cfg.c **** 		/* UDB_PA_3 Starting address: CYDEV_UDB_PA3_BASE */
 270:.\Generated_Source\PSoC4/cyfitter_cfg.c **** 		CY_SET_XTND_REG32((void CYFAR *)(CYDEV_UDB_PA3_BASE), 0x00990000u);
 359              		.loc 1 270 0
 360 0122 184B     		ldr	r3, .L13+16
 361 0124 9922     		mov	r2, #153
 362 0126 1204     		lsl	r2, r2, #16
 363 0128 1A60     		str	r2, [r3]
 271:.\Generated_Source\PSoC4/cyfitter_cfg.c **** 
 272:.\Generated_Source\PSoC4/cyfitter_cfg.c **** 		/* Enable digital routing */
 273:.\Generated_Source\PSoC4/cyfitter_cfg.c **** 		CY_SET_XTND_REG8((void *)CYREG_UDB_UDBIF_BANK_CTL, CY_GET_XTND_REG8((void *)CYREG_UDB_UDBIF_BANK_
 364              		.loc 1 273 0
 365 012a 174A     		ldr	r2, .L13+20
 366 012c 164B     		ldr	r3, .L13+20
 367 012e 1B78     		ldrb	r3, [r3]
 368 0130 DBB2     		uxtb	r3, r3
 369 0132 0221     		mov	r1, #2
 370 0134 0B43     		orr	r3, r1
 371 0136 DBB2     		uxtb	r3, r3
 372 0138 1370     		strb	r3, [r2]
 274:.\Generated_Source\PSoC4/cyfitter_cfg.c **** 
 275:.\Generated_Source\PSoC4/cyfitter_cfg.c **** 		/* Enable UDB array */
 276:.\Generated_Source\PSoC4/cyfitter_cfg.c **** 		CY_SET_XTND_REG8((void *)CYREG_UDB_UDBIF_WAIT_CFG, (uint8)((CY_GET_XTND_REG8((void *)CYREG_UDB_UD
 373              		.loc 1 276 0
 374 013a 144A     		ldr	r2, .L13+24
 375 013c 134B     		ldr	r3, .L13+24
 376 013e 1B78     		ldrb	r3, [r3]
 377 0140 DBB2     		uxtb	r3, r3
 378 0142 3C21     		mov	r1, #60
 379 0144 8B43     		bic	r3, r1
 380 0146 DBB2     		uxtb	r3, r3
 381 0148 1421     		mov	r1, #20
 382 014a 0B43     		orr	r3, r1
 383 014c DBB2     		uxtb	r3, r3
 384 014e 1370     		strb	r3, [r2]
 277:.\Generated_Source\PSoC4/cyfitter_cfg.c **** 		CY_SET_XTND_REG8((void *)CYREG_UDB_UDBIF_BANK_CTL, (uint8)(CY_GET_XTND_REG8((void *)CYREG_UDB_UDB
 385              		.loc 1 277 0
 386 0150 0D4A     		ldr	r2, .L13+20
 387 0152 0D4B     		ldr	r3, .L13+20
 388 0154 1B78     		ldrb	r3, [r3]
 389 0156 DBB2     		uxtb	r3, r3
 390 0158 1621     		mov	r1, #22
 391 015a 0B43     		orr	r3, r1
 392 015c DBB2     		uxtb	r3, r3
 393 015e 1370     		strb	r3, [r2]
 394              	.LBE2:
 278:.\Generated_Source\PSoC4/cyfitter_cfg.c **** 	}
 279:.\Generated_Source\PSoC4/cyfitter_cfg.c **** 
 280:.\Generated_Source\PSoC4/cyfitter_cfg.c **** 	/* Perform second pass device configuration. These items must be configured in specific order afte
 281:.\Generated_Source\PSoC4/cyfitter_cfg.c **** 	/* IOPINS0_3 Starting address: CYDEV_GPIO_PRT3_BASE */
 282:.\Generated_Source\PSoC4/cyfitter_cfg.c **** 	CY_SET_XTND_REG32((void CYFAR *)(CYREG_GPIO_PRT3_PC), 0x00000049u);
 395              		.loc 1 282 0
 396 0160 0B4B     		ldr	r3, .L13+28
 397 0162 4922     		mov	r2, #73
 398 0164 1A60     		str	r2, [r3]
 283:.\Generated_Source\PSoC4/cyfitter_cfg.c **** 
 284:.\Generated_Source\PSoC4/cyfitter_cfg.c **** 
ARM GAS  C:\Users\Midori\AppData\Local\Temp\ccvtvnAj.s 			page 13


 285:.\Generated_Source\PSoC4/cyfitter_cfg.c **** 	/* Setup clocks based on selections from Clock DWR */
 286:.\Generated_Source\PSoC4/cyfitter_cfg.c **** 	ClockSetup();
 399              		.loc 1 286 0
 400 0166 FFF74BFF 		bl	ClockSetup
 287:.\Generated_Source\PSoC4/cyfitter_cfg.c **** 
 288:.\Generated_Source\PSoC4/cyfitter_cfg.c **** 	/* Perform basic analog initialization to defaults */
 289:.\Generated_Source\PSoC4/cyfitter_cfg.c **** 	AnalogSetDefault();
 401              		.loc 1 289 0
 402 016a FFF7FEFF 		bl	AnalogSetDefault
 290:.\Generated_Source\PSoC4/cyfitter_cfg.c **** 
 291:.\Generated_Source\PSoC4/cyfitter_cfg.c **** }
 403              		.loc 1 291 0
 404 016e BD46     		mov	sp, r7
 405 0170 02B0     		add	sp, sp, #8
 406              		@ sp needed
 407 0172 80BD     		pop	{r7, pc}
 408              	.L14:
 409              		.align	2
 410              	.L13:
 411 0174 6CF02E40 		.word	1076818028
 412 0178 00000000 		.word	cfg_memset_list.4758
 413 017c 00000240 		.word	1073872896
 414 0180 08000440 		.word	1074003976
 415 0184 30500F40 		.word	1074745392
 416 0188 00700F40 		.word	1074753536
 417 018c 01700F40 		.word	1074753537
 418 0190 08030440 		.word	1074004744
 419              		.cfi_endproc
 420              	.LFE7:
 421              		.size	cyfitter_cfg, .-cyfitter_cfg
 422              		.section	.rodata
 423              		.align	2
 424              		.type	cfg_memset_list.4758, %object
 425              		.size	cfg_memset_list.4758, 12
 426              	cfg_memset_list.4758:
 427 0000 00300F40 		.word	1074737152
 428 0004 0004     		.short	1024
 429 0006 00400F40 		.4byte	1074741248
 430 000a 0004     		.short	1024
 431              		.text
 432              	.Letext0:
 433              		.file 2 "d:\\program files (x86)\\cypress\\psoc creator\\3.3\\psoc creator\\import\\gnu\\arm\\4.9.
 434              		.file 3 ".\\Generated_Source\\PSoC4\\cytypes.h"
 435              		.section	.debug_info,"",%progbits
 436              	.Ldebug_info0:
 437 0000 47020000 		.4byte	0x247
 438 0004 0400     		.2byte	0x4
 439 0006 00000000 		.4byte	.Ldebug_abbrev0
 440 000a 04       		.byte	0x4
 441 000b 01       		.uleb128 0x1
 442 000c F2000000 		.4byte	.LASF29
 443 0010 01       		.byte	0x1
 444 0011 C7010000 		.4byte	.LASF30
 445 0015 00000000 		.4byte	.LASF31
 446 0019 00000000 		.4byte	.Ldebug_ranges0+0
 447 001d 00000000 		.4byte	0
 448 0021 00000000 		.4byte	.Ldebug_line0
ARM GAS  C:\Users\Midori\AppData\Local\Temp\ccvtvnAj.s 			page 14


 449 0025 02       		.uleb128 0x2
 450 0026 04       		.byte	0x4
 451 0027 05       		.byte	0x5
 452 0028 696E7400 		.ascii	"int\000"
 453 002c 03       		.uleb128 0x3
 454 002d 53000000 		.4byte	.LASF11
 455 0031 02       		.byte	0x2
 456 0032 D4       		.byte	0xd4
 457 0033 37000000 		.4byte	0x37
 458 0037 04       		.uleb128 0x4
 459 0038 04       		.byte	0x4
 460 0039 07       		.byte	0x7
 461 003a 8E010000 		.4byte	.LASF0
 462 003e 04       		.uleb128 0x4
 463 003f 01       		.byte	0x1
 464 0040 06       		.byte	0x6
 465 0041 1E020000 		.4byte	.LASF1
 466 0045 04       		.uleb128 0x4
 467 0046 01       		.byte	0x1
 468 0047 08       		.byte	0x8
 469 0048 D0000000 		.4byte	.LASF2
 470 004c 04       		.uleb128 0x4
 471 004d 02       		.byte	0x2
 472 004e 05       		.byte	0x5
 473 004f 0B020000 		.4byte	.LASF3
 474 0053 04       		.uleb128 0x4
 475 0054 02       		.byte	0x2
 476 0055 07       		.byte	0x7
 477 0056 86000000 		.4byte	.LASF4
 478 005a 04       		.uleb128 0x4
 479 005b 04       		.byte	0x4
 480 005c 05       		.byte	0x5
 481 005d 15020000 		.4byte	.LASF5
 482 0061 04       		.uleb128 0x4
 483 0062 04       		.byte	0x4
 484 0063 07       		.byte	0x7
 485 0064 AE000000 		.4byte	.LASF6
 486 0068 04       		.uleb128 0x4
 487 0069 08       		.byte	0x8
 488 006a 05       		.byte	0x5
 489 006b F8010000 		.4byte	.LASF7
 490 006f 04       		.uleb128 0x4
 491 0070 08       		.byte	0x8
 492 0071 07       		.byte	0x7
 493 0072 A3010000 		.4byte	.LASF8
 494 0076 04       		.uleb128 0x4
 495 0077 04       		.byte	0x4
 496 0078 07       		.byte	0x7
 497 0079 EF010000 		.4byte	.LASF9
 498 007d 05       		.uleb128 0x5
 499 007e 04       		.byte	0x4
 500 007f 04       		.uleb128 0x4
 501 0080 01       		.byte	0x1
 502 0081 08       		.byte	0x8
 503 0082 06020000 		.4byte	.LASF10
 504 0086 06       		.uleb128 0x6
 505 0087 C0000000 		.4byte	.LASF12
ARM GAS  C:\Users\Midori\AppData\Local\Temp\ccvtvnAj.s 			page 15


 506 008b 03       		.byte	0x3
 507 008c 9801     		.2byte	0x198
 508 008e 45000000 		.4byte	0x45
 509 0092 06       		.uleb128 0x6
 510 0093 80010000 		.4byte	.LASF13
 511 0097 03       		.byte	0x3
 512 0098 9901     		.2byte	0x199
 513 009a 53000000 		.4byte	0x53
 514 009e 06       		.uleb128 0x6
 515 009f 87010000 		.4byte	.LASF14
 516 00a3 03       		.byte	0x3
 517 00a4 9A01     		.2byte	0x19a
 518 00a6 61000000 		.4byte	0x61
 519 00aa 04       		.uleb128 0x4
 520 00ab 04       		.byte	0x4
 521 00ac 04       		.byte	0x4
 522 00ad 99000000 		.4byte	.LASF15
 523 00b1 04       		.uleb128 0x4
 524 00b2 08       		.byte	0x8
 525 00b3 04       		.byte	0x4
 526 00b4 DE000000 		.4byte	.LASF16
 527 00b8 06       		.uleb128 0x6
 528 00b9 A9000000 		.4byte	.LASF17
 529 00bd 03       		.byte	0x3
 530 00be 4202     		.2byte	0x242
 531 00c0 C4000000 		.4byte	0xc4
 532 00c4 07       		.uleb128 0x7
 533 00c5 86000000 		.4byte	0x86
 534 00c9 06       		.uleb128 0x6
 535 00ca 4D000000 		.4byte	.LASF18
 536 00ce 03       		.byte	0x3
 537 00cf 4402     		.2byte	0x244
 538 00d1 D5000000 		.4byte	0xd5
 539 00d5 07       		.uleb128 0x7
 540 00d6 9E000000 		.4byte	0x9e
 541 00da 08       		.uleb128 0x8
 542 00db C6000000 		.4byte	.LASF19
 543 00df 01       		.byte	0x1
 544 00e0 3C       		.byte	0x3c
 545 00e1 00000000 		.4byte	.LFB2
 546 00e5 1E000000 		.4byte	.LFE2-.LFB2
 547 00e9 01       		.uleb128 0x1
 548 00ea 9C       		.byte	0x9c
 549 00eb 08010000 		.4byte	0x108
 550 00ef 09       		.uleb128 0x9
 551 00f0 7300     		.ascii	"s\000"
 552 00f2 01       		.byte	0x1
 553 00f3 3C       		.byte	0x3c
 554 00f4 7D000000 		.4byte	0x7d
 555 00f8 02       		.uleb128 0x2
 556 00f9 91       		.byte	0x91
 557 00fa 74       		.sleb128 -12
 558 00fb 09       		.uleb128 0x9
 559 00fc 6E00     		.ascii	"n\000"
 560 00fe 01       		.byte	0x1
 561 00ff 3C       		.byte	0x3c
 562 0100 2C000000 		.4byte	0x2c
ARM GAS  C:\Users\Midori\AppData\Local\Temp\ccvtvnAj.s 			page 16


 563 0104 02       		.uleb128 0x2
 564 0105 91       		.byte	0x91
 565 0106 70       		.sleb128 -16
 566 0107 00       		.byte	0
 567 0108 08       		.uleb128 0x8
 568 0109 3A020000 		.4byte	.LASF20
 569 010d 01       		.byte	0x1
 570 010e 43       		.byte	0x43
 571 010f 00000000 		.4byte	.LFB3
 572 0113 22000000 		.4byte	.LFE3-.LFB3
 573 0117 01       		.uleb128 0x1
 574 0118 9C       		.byte	0x9c
 575 0119 46010000 		.4byte	0x146
 576 011d 0A       		.uleb128 0xa
 577 011e 9F000000 		.4byte	.LASF21
 578 0122 01       		.byte	0x1
 579 0123 43       		.byte	0x43
 580 0124 7D000000 		.4byte	0x7d
 581 0128 02       		.uleb128 0x2
 582 0129 91       		.byte	0x91
 583 012a 74       		.sleb128 -12
 584 012b 09       		.uleb128 0x9
 585 012c 73726300 		.ascii	"src\000"
 586 0130 01       		.byte	0x1
 587 0131 43       		.byte	0x43
 588 0132 46010000 		.4byte	0x146
 589 0136 02       		.uleb128 0x2
 590 0137 91       		.byte	0x91
 591 0138 70       		.sleb128 -16
 592 0139 09       		.uleb128 0x9
 593 013a 6E00     		.ascii	"n\000"
 594 013c 01       		.byte	0x1
 595 013d 43       		.byte	0x43
 596 013e 2C000000 		.4byte	0x2c
 597 0142 02       		.uleb128 0x2
 598 0143 91       		.byte	0x91
 599 0144 6C       		.sleb128 -20
 600 0145 00       		.byte	0
 601 0146 0B       		.uleb128 0xb
 602 0147 04       		.byte	0x4
 603 0148 4C010000 		.4byte	0x14c
 604 014c 0C       		.uleb128 0xc
 605 014d 08       		.uleb128 0x8
 606 014e 2A020000 		.4byte	.LASF22
 607 0152 01       		.byte	0x1
 608 0153 4A       		.byte	0x4a
 609 0154 00000000 		.4byte	.LFB4
 610 0158 22000000 		.4byte	.LFE4-.LFB4
 611 015c 01       		.uleb128 0x1
 612 015d 9C       		.byte	0x9c
 613 015e 8B010000 		.4byte	0x18b
 614 0162 0A       		.uleb128 0xa
 615 0163 9F000000 		.4byte	.LASF21
 616 0167 01       		.byte	0x1
 617 0168 4A       		.byte	0x4a
 618 0169 7D000000 		.4byte	0x7d
 619 016d 02       		.uleb128 0x2
ARM GAS  C:\Users\Midori\AppData\Local\Temp\ccvtvnAj.s 			page 17


 620 016e 91       		.byte	0x91
 621 016f 74       		.sleb128 -12
 622 0170 09       		.uleb128 0x9
 623 0171 73726300 		.ascii	"src\000"
 624 0175 01       		.byte	0x1
 625 0176 4A       		.byte	0x4a
 626 0177 46010000 		.4byte	0x146
 627 017b 02       		.uleb128 0x2
 628 017c 91       		.byte	0x91
 629 017d 70       		.sleb128 -16
 630 017e 09       		.uleb128 0x9
 631 017f 6E00     		.ascii	"n\000"
 632 0181 01       		.byte	0x1
 633 0182 4A       		.byte	0x4a
 634 0183 2C000000 		.4byte	0x2c
 635 0187 02       		.uleb128 0x2
 636 0188 91       		.byte	0x91
 637 0189 6C       		.sleb128 -20
 638 018a 00       		.byte	0
 639 018b 0D       		.uleb128 0xd
 640 018c 7B000000 		.4byte	.LASF23
 641 0190 01       		.byte	0x1
 642 0191 91       		.byte	0x91
 643 0192 00000000 		.4byte	.LFB5
 644 0196 B0000000 		.4byte	.LFE5-.LFB5
 645 019a 01       		.uleb128 0x1
 646 019b 9C       		.byte	0x9c
 647 019c 0E       		.uleb128 0xe
 648 019d 5A000000 		.4byte	.LASF24
 649 01a1 01       		.byte	0x1
 650 01a2 CF       		.byte	0xcf
 651 01a3 00000000 		.4byte	.LFB6
 652 01a7 28000000 		.4byte	.LFE6-.LFB6
 653 01ab 01       		.uleb128 0x1
 654 01ac 9C       		.byte	0x9c
 655 01ad 0F       		.uleb128 0xf
 656 01ae E5000000 		.4byte	.LASF32
 657 01b2 01       		.byte	0x1
 658 01b3 EA       		.byte	0xea
 659 01b4 B0000000 		.4byte	.LFB7
 660 01b8 E4000000 		.4byte	.LFE7-.LFB7
 661 01bc 01       		.uleb128 0x1
 662 01bd 9C       		.byte	0x9c
 663 01be 10       		.uleb128 0x10
 664 01bf BE000000 		.4byte	.LBB2
 665 01c3 A2000000 		.4byte	.LBE2-.LBB2
 666 01c7 11       		.uleb128 0x11
 667 01c8 06       		.byte	0x6
 668 01c9 01       		.byte	0x1
 669 01ca F3       		.byte	0xf3
 670 01cb E8010000 		.4byte	0x1e8
 671 01cf 12       		.uleb128 0x12
 672 01d0 9B010000 		.4byte	.LASF25
 673 01d4 01       		.byte	0x1
 674 01d5 F4       		.byte	0xf4
 675 01d6 7D000000 		.4byte	0x7d
 676 01da 00       		.byte	0
ARM GAS  C:\Users\Midori\AppData\Local\Temp\ccvtvnAj.s 			page 18


 677 01db 12       		.uleb128 0x12
 678 01dc A4000000 		.4byte	.LASF26
 679 01e0 01       		.byte	0x1
 680 01e1 F5       		.byte	0xf5
 681 01e2 92000000 		.4byte	0x92
 682 01e6 04       		.byte	0x4
 683 01e7 00       		.byte	0
 684 01e8 03       		.uleb128 0x3
 685 01e9 BA010000 		.4byte	.LASF27
 686 01ed 01       		.byte	0x1
 687 01ee F6       		.byte	0xf6
 688 01ef C7010000 		.4byte	0x1c7
 689 01f3 13       		.uleb128 0x13
 690 01f4 E8010000 		.4byte	0x1e8
 691 01f8 03020000 		.4byte	0x203
 692 01fc 14       		.uleb128 0x14
 693 01fd 76000000 		.4byte	0x76
 694 0201 01       		.byte	0x1
 695 0202 00       		.byte	0
 696 0203 15       		.uleb128 0x15
 697 0204 6B000000 		.4byte	.LASF28
 698 0208 01       		.byte	0x1
 699 0209 F8       		.byte	0xf8
 700 020a 14020000 		.4byte	0x214
 701 020e 05       		.uleb128 0x5
 702 020f 03       		.byte	0x3
 703 0210 00000000 		.4byte	cfg_memset_list.4758
 704 0214 16       		.uleb128 0x16
 705 0215 F3010000 		.4byte	0x1f3
 706 0219 17       		.uleb128 0x17
 707 021a 6900     		.ascii	"i\000"
 708 021c 01       		.byte	0x1
 709 021d FE       		.byte	0xfe
 710 021e 86000000 		.4byte	0x86
 711 0222 02       		.uleb128 0x2
 712 0223 91       		.byte	0x91
 713 0224 77       		.sleb128 -9
 714 0225 10       		.uleb128 0x10
 715 0226 C6000000 		.4byte	.LBB3
 716 022a 3E000000 		.4byte	.LBE3-.LBB3
 717 022e 18       		.uleb128 0x18
 718 022f 6D7300   		.ascii	"ms\000"
 719 0232 01       		.byte	0x1
 720 0233 0301     		.2byte	0x103
 721 0235 3C020000 		.4byte	0x23c
 722 0239 02       		.uleb128 0x2
 723 023a 91       		.byte	0x91
 724 023b 70       		.sleb128 -16
 725 023c 0B       		.uleb128 0xb
 726 023d 04       		.byte	0x4
 727 023e 42020000 		.4byte	0x242
 728 0242 16       		.uleb128 0x16
 729 0243 E8010000 		.4byte	0x1e8
 730 0247 00       		.byte	0
 731 0248 00       		.byte	0
 732 0249 00       		.byte	0
 733 024a 00       		.byte	0
ARM GAS  C:\Users\Midori\AppData\Local\Temp\ccvtvnAj.s 			page 19


 734              		.section	.debug_abbrev,"",%progbits
 735              	.Ldebug_abbrev0:
 736 0000 01       		.uleb128 0x1
 737 0001 11       		.uleb128 0x11
 738 0002 01       		.byte	0x1
 739 0003 25       		.uleb128 0x25
 740 0004 0E       		.uleb128 0xe
 741 0005 13       		.uleb128 0x13
 742 0006 0B       		.uleb128 0xb
 743 0007 03       		.uleb128 0x3
 744 0008 0E       		.uleb128 0xe
 745 0009 1B       		.uleb128 0x1b
 746 000a 0E       		.uleb128 0xe
 747 000b 55       		.uleb128 0x55
 748 000c 17       		.uleb128 0x17
 749 000d 11       		.uleb128 0x11
 750 000e 01       		.uleb128 0x1
 751 000f 10       		.uleb128 0x10
 752 0010 17       		.uleb128 0x17
 753 0011 00       		.byte	0
 754 0012 00       		.byte	0
 755 0013 02       		.uleb128 0x2
 756 0014 24       		.uleb128 0x24
 757 0015 00       		.byte	0
 758 0016 0B       		.uleb128 0xb
 759 0017 0B       		.uleb128 0xb
 760 0018 3E       		.uleb128 0x3e
 761 0019 0B       		.uleb128 0xb
 762 001a 03       		.uleb128 0x3
 763 001b 08       		.uleb128 0x8
 764 001c 00       		.byte	0
 765 001d 00       		.byte	0
 766 001e 03       		.uleb128 0x3
 767 001f 16       		.uleb128 0x16
 768 0020 00       		.byte	0
 769 0021 03       		.uleb128 0x3
 770 0022 0E       		.uleb128 0xe
 771 0023 3A       		.uleb128 0x3a
 772 0024 0B       		.uleb128 0xb
 773 0025 3B       		.uleb128 0x3b
 774 0026 0B       		.uleb128 0xb
 775 0027 49       		.uleb128 0x49
 776 0028 13       		.uleb128 0x13
 777 0029 00       		.byte	0
 778 002a 00       		.byte	0
 779 002b 04       		.uleb128 0x4
 780 002c 24       		.uleb128 0x24
 781 002d 00       		.byte	0
 782 002e 0B       		.uleb128 0xb
 783 002f 0B       		.uleb128 0xb
 784 0030 3E       		.uleb128 0x3e
 785 0031 0B       		.uleb128 0xb
 786 0032 03       		.uleb128 0x3
 787 0033 0E       		.uleb128 0xe
 788 0034 00       		.byte	0
 789 0035 00       		.byte	0
 790 0036 05       		.uleb128 0x5
ARM GAS  C:\Users\Midori\AppData\Local\Temp\ccvtvnAj.s 			page 20


 791 0037 0F       		.uleb128 0xf
 792 0038 00       		.byte	0
 793 0039 0B       		.uleb128 0xb
 794 003a 0B       		.uleb128 0xb
 795 003b 00       		.byte	0
 796 003c 00       		.byte	0
 797 003d 06       		.uleb128 0x6
 798 003e 16       		.uleb128 0x16
 799 003f 00       		.byte	0
 800 0040 03       		.uleb128 0x3
 801 0041 0E       		.uleb128 0xe
 802 0042 3A       		.uleb128 0x3a
 803 0043 0B       		.uleb128 0xb
 804 0044 3B       		.uleb128 0x3b
 805 0045 05       		.uleb128 0x5
 806 0046 49       		.uleb128 0x49
 807 0047 13       		.uleb128 0x13
 808 0048 00       		.byte	0
 809 0049 00       		.byte	0
 810 004a 07       		.uleb128 0x7
 811 004b 35       		.uleb128 0x35
 812 004c 00       		.byte	0
 813 004d 49       		.uleb128 0x49
 814 004e 13       		.uleb128 0x13
 815 004f 00       		.byte	0
 816 0050 00       		.byte	0
 817 0051 08       		.uleb128 0x8
 818 0052 2E       		.uleb128 0x2e
 819 0053 01       		.byte	0x1
 820 0054 03       		.uleb128 0x3
 821 0055 0E       		.uleb128 0xe
 822 0056 3A       		.uleb128 0x3a
 823 0057 0B       		.uleb128 0xb
 824 0058 3B       		.uleb128 0x3b
 825 0059 0B       		.uleb128 0xb
 826 005a 27       		.uleb128 0x27
 827 005b 19       		.uleb128 0x19
 828 005c 11       		.uleb128 0x11
 829 005d 01       		.uleb128 0x1
 830 005e 12       		.uleb128 0x12
 831 005f 06       		.uleb128 0x6
 832 0060 40       		.uleb128 0x40
 833 0061 18       		.uleb128 0x18
 834 0062 9642     		.uleb128 0x2116
 835 0064 19       		.uleb128 0x19
 836 0065 01       		.uleb128 0x1
 837 0066 13       		.uleb128 0x13
 838 0067 00       		.byte	0
 839 0068 00       		.byte	0
 840 0069 09       		.uleb128 0x9
 841 006a 05       		.uleb128 0x5
 842 006b 00       		.byte	0
 843 006c 03       		.uleb128 0x3
 844 006d 08       		.uleb128 0x8
 845 006e 3A       		.uleb128 0x3a
 846 006f 0B       		.uleb128 0xb
 847 0070 3B       		.uleb128 0x3b
ARM GAS  C:\Users\Midori\AppData\Local\Temp\ccvtvnAj.s 			page 21


 848 0071 0B       		.uleb128 0xb
 849 0072 49       		.uleb128 0x49
 850 0073 13       		.uleb128 0x13
 851 0074 02       		.uleb128 0x2
 852 0075 18       		.uleb128 0x18
 853 0076 00       		.byte	0
 854 0077 00       		.byte	0
 855 0078 0A       		.uleb128 0xa
 856 0079 05       		.uleb128 0x5
 857 007a 00       		.byte	0
 858 007b 03       		.uleb128 0x3
 859 007c 0E       		.uleb128 0xe
 860 007d 3A       		.uleb128 0x3a
 861 007e 0B       		.uleb128 0xb
 862 007f 3B       		.uleb128 0x3b
 863 0080 0B       		.uleb128 0xb
 864 0081 49       		.uleb128 0x49
 865 0082 13       		.uleb128 0x13
 866 0083 02       		.uleb128 0x2
 867 0084 18       		.uleb128 0x18
 868 0085 00       		.byte	0
 869 0086 00       		.byte	0
 870 0087 0B       		.uleb128 0xb
 871 0088 0F       		.uleb128 0xf
 872 0089 00       		.byte	0
 873 008a 0B       		.uleb128 0xb
 874 008b 0B       		.uleb128 0xb
 875 008c 49       		.uleb128 0x49
 876 008d 13       		.uleb128 0x13
 877 008e 00       		.byte	0
 878 008f 00       		.byte	0
 879 0090 0C       		.uleb128 0xc
 880 0091 26       		.uleb128 0x26
 881 0092 00       		.byte	0
 882 0093 00       		.byte	0
 883 0094 00       		.byte	0
 884 0095 0D       		.uleb128 0xd
 885 0096 2E       		.uleb128 0x2e
 886 0097 00       		.byte	0
 887 0098 03       		.uleb128 0x3
 888 0099 0E       		.uleb128 0xe
 889 009a 3A       		.uleb128 0x3a
 890 009b 0B       		.uleb128 0xb
 891 009c 3B       		.uleb128 0x3b
 892 009d 0B       		.uleb128 0xb
 893 009e 27       		.uleb128 0x27
 894 009f 19       		.uleb128 0x19
 895 00a0 11       		.uleb128 0x11
 896 00a1 01       		.uleb128 0x1
 897 00a2 12       		.uleb128 0x12
 898 00a3 06       		.uleb128 0x6
 899 00a4 40       		.uleb128 0x40
 900 00a5 18       		.uleb128 0x18
 901 00a6 9642     		.uleb128 0x2116
 902 00a8 19       		.uleb128 0x19
 903 00a9 00       		.byte	0
 904 00aa 00       		.byte	0
ARM GAS  C:\Users\Midori\AppData\Local\Temp\ccvtvnAj.s 			page 22


 905 00ab 0E       		.uleb128 0xe
 906 00ac 2E       		.uleb128 0x2e
 907 00ad 00       		.byte	0
 908 00ae 03       		.uleb128 0x3
 909 00af 0E       		.uleb128 0xe
 910 00b0 3A       		.uleb128 0x3a
 911 00b1 0B       		.uleb128 0xb
 912 00b2 3B       		.uleb128 0x3b
 913 00b3 0B       		.uleb128 0xb
 914 00b4 27       		.uleb128 0x27
 915 00b5 19       		.uleb128 0x19
 916 00b6 11       		.uleb128 0x11
 917 00b7 01       		.uleb128 0x1
 918 00b8 12       		.uleb128 0x12
 919 00b9 06       		.uleb128 0x6
 920 00ba 40       		.uleb128 0x40
 921 00bb 18       		.uleb128 0x18
 922 00bc 9742     		.uleb128 0x2117
 923 00be 19       		.uleb128 0x19
 924 00bf 00       		.byte	0
 925 00c0 00       		.byte	0
 926 00c1 0F       		.uleb128 0xf
 927 00c2 2E       		.uleb128 0x2e
 928 00c3 01       		.byte	0x1
 929 00c4 3F       		.uleb128 0x3f
 930 00c5 19       		.uleb128 0x19
 931 00c6 03       		.uleb128 0x3
 932 00c7 0E       		.uleb128 0xe
 933 00c8 3A       		.uleb128 0x3a
 934 00c9 0B       		.uleb128 0xb
 935 00ca 3B       		.uleb128 0x3b
 936 00cb 0B       		.uleb128 0xb
 937 00cc 27       		.uleb128 0x27
 938 00cd 19       		.uleb128 0x19
 939 00ce 11       		.uleb128 0x11
 940 00cf 01       		.uleb128 0x1
 941 00d0 12       		.uleb128 0x12
 942 00d1 06       		.uleb128 0x6
 943 00d2 40       		.uleb128 0x40
 944 00d3 18       		.uleb128 0x18
 945 00d4 9642     		.uleb128 0x2116
 946 00d6 19       		.uleb128 0x19
 947 00d7 00       		.byte	0
 948 00d8 00       		.byte	0
 949 00d9 10       		.uleb128 0x10
 950 00da 0B       		.uleb128 0xb
 951 00db 01       		.byte	0x1
 952 00dc 11       		.uleb128 0x11
 953 00dd 01       		.uleb128 0x1
 954 00de 12       		.uleb128 0x12
 955 00df 06       		.uleb128 0x6
 956 00e0 00       		.byte	0
 957 00e1 00       		.byte	0
 958 00e2 11       		.uleb128 0x11
 959 00e3 13       		.uleb128 0x13
 960 00e4 01       		.byte	0x1
 961 00e5 0B       		.uleb128 0xb
ARM GAS  C:\Users\Midori\AppData\Local\Temp\ccvtvnAj.s 			page 23


 962 00e6 0B       		.uleb128 0xb
 963 00e7 3A       		.uleb128 0x3a
 964 00e8 0B       		.uleb128 0xb
 965 00e9 3B       		.uleb128 0x3b
 966 00ea 0B       		.uleb128 0xb
 967 00eb 01       		.uleb128 0x1
 968 00ec 13       		.uleb128 0x13
 969 00ed 00       		.byte	0
 970 00ee 00       		.byte	0
 971 00ef 12       		.uleb128 0x12
 972 00f0 0D       		.uleb128 0xd
 973 00f1 00       		.byte	0
 974 00f2 03       		.uleb128 0x3
 975 00f3 0E       		.uleb128 0xe
 976 00f4 3A       		.uleb128 0x3a
 977 00f5 0B       		.uleb128 0xb
 978 00f6 3B       		.uleb128 0x3b
 979 00f7 0B       		.uleb128 0xb
 980 00f8 49       		.uleb128 0x49
 981 00f9 13       		.uleb128 0x13
 982 00fa 38       		.uleb128 0x38
 983 00fb 0B       		.uleb128 0xb
 984 00fc 00       		.byte	0
 985 00fd 00       		.byte	0
 986 00fe 13       		.uleb128 0x13
 987 00ff 01       		.uleb128 0x1
 988 0100 01       		.byte	0x1
 989 0101 49       		.uleb128 0x49
 990 0102 13       		.uleb128 0x13
 991 0103 01       		.uleb128 0x1
 992 0104 13       		.uleb128 0x13
 993 0105 00       		.byte	0
 994 0106 00       		.byte	0
 995 0107 14       		.uleb128 0x14
 996 0108 21       		.uleb128 0x21
 997 0109 00       		.byte	0
 998 010a 49       		.uleb128 0x49
 999 010b 13       		.uleb128 0x13
 1000 010c 2F       		.uleb128 0x2f
 1001 010d 0B       		.uleb128 0xb
 1002 010e 00       		.byte	0
 1003 010f 00       		.byte	0
 1004 0110 15       		.uleb128 0x15
 1005 0111 34       		.uleb128 0x34
 1006 0112 00       		.byte	0
 1007 0113 03       		.uleb128 0x3
 1008 0114 0E       		.uleb128 0xe
 1009 0115 3A       		.uleb128 0x3a
 1010 0116 0B       		.uleb128 0xb
 1011 0117 3B       		.uleb128 0x3b
 1012 0118 0B       		.uleb128 0xb
 1013 0119 49       		.uleb128 0x49
 1014 011a 13       		.uleb128 0x13
 1015 011b 02       		.uleb128 0x2
 1016 011c 18       		.uleb128 0x18
 1017 011d 00       		.byte	0
 1018 011e 00       		.byte	0
ARM GAS  C:\Users\Midori\AppData\Local\Temp\ccvtvnAj.s 			page 24


 1019 011f 16       		.uleb128 0x16
 1020 0120 26       		.uleb128 0x26
 1021 0121 00       		.byte	0
 1022 0122 49       		.uleb128 0x49
 1023 0123 13       		.uleb128 0x13
 1024 0124 00       		.byte	0
 1025 0125 00       		.byte	0
 1026 0126 17       		.uleb128 0x17
 1027 0127 34       		.uleb128 0x34
 1028 0128 00       		.byte	0
 1029 0129 03       		.uleb128 0x3
 1030 012a 08       		.uleb128 0x8
 1031 012b 3A       		.uleb128 0x3a
 1032 012c 0B       		.uleb128 0xb
 1033 012d 3B       		.uleb128 0x3b
 1034 012e 0B       		.uleb128 0xb
 1035 012f 49       		.uleb128 0x49
 1036 0130 13       		.uleb128 0x13
 1037 0131 02       		.uleb128 0x2
 1038 0132 18       		.uleb128 0x18
 1039 0133 00       		.byte	0
 1040 0134 00       		.byte	0
 1041 0135 18       		.uleb128 0x18
 1042 0136 34       		.uleb128 0x34
 1043 0137 00       		.byte	0
 1044 0138 03       		.uleb128 0x3
 1045 0139 08       		.uleb128 0x8
 1046 013a 3A       		.uleb128 0x3a
 1047 013b 0B       		.uleb128 0xb
 1048 013c 3B       		.uleb128 0x3b
 1049 013d 05       		.uleb128 0x5
 1050 013e 49       		.uleb128 0x49
 1051 013f 13       		.uleb128 0x13
 1052 0140 02       		.uleb128 0x2
 1053 0141 18       		.uleb128 0x18
 1054 0142 00       		.byte	0
 1055 0143 00       		.byte	0
 1056 0144 00       		.byte	0
 1057              		.section	.debug_aranges,"",%progbits
 1058 0000 44000000 		.4byte	0x44
 1059 0004 0200     		.2byte	0x2
 1060 0006 00000000 		.4byte	.Ldebug_info0
 1061 000a 04       		.byte	0x4
 1062 000b 00       		.byte	0
 1063 000c 0000     		.2byte	0
 1064 000e 0000     		.2byte	0
 1065 0010 00000000 		.4byte	.LFB2
 1066 0014 1E000000 		.4byte	.LFE2-.LFB2
 1067 0018 00000000 		.4byte	.LFB3
 1068 001c 22000000 		.4byte	.LFE3-.LFB3
 1069 0020 00000000 		.4byte	.LFB4
 1070 0024 22000000 		.4byte	.LFE4-.LFB4
 1071 0028 00000000 		.4byte	.LFB5
 1072 002c B0000000 		.4byte	.LFE5-.LFB5
 1073 0030 00000000 		.4byte	.LFB6
 1074 0034 28000000 		.4byte	.LFE6-.LFB6
 1075 0038 B0000000 		.4byte	.LFB7
ARM GAS  C:\Users\Midori\AppData\Local\Temp\ccvtvnAj.s 			page 25


 1076 003c E4000000 		.4byte	.LFE7-.LFB7
 1077 0040 00000000 		.4byte	0
 1078 0044 00000000 		.4byte	0
 1079              		.section	.debug_ranges,"",%progbits
 1080              	.Ldebug_ranges0:
 1081 0000 00000000 		.4byte	.LFB2
 1082 0004 1E000000 		.4byte	.LFE2
 1083 0008 00000000 		.4byte	.LFB3
 1084 000c 22000000 		.4byte	.LFE3
 1085 0010 00000000 		.4byte	.LFB4
 1086 0014 22000000 		.4byte	.LFE4
 1087 0018 00000000 		.4byte	.LFB5
 1088 001c B0000000 		.4byte	.LFE5
 1089 0020 00000000 		.4byte	.LFB6
 1090 0024 28000000 		.4byte	.LFE6
 1091 0028 B0000000 		.4byte	.LFB7
 1092 002c 94010000 		.4byte	.LFE7
 1093 0030 00000000 		.4byte	0
 1094 0034 00000000 		.4byte	0
 1095              		.section	.debug_line,"",%progbits
 1096              	.Ldebug_line0:
 1097 0000 67010000 		.section	.debug_str,"MS",%progbits,1
 1097      0200CD00 
 1097      00000201 
 1097      FB0E0D00 
 1097      01010101 
 1098              	.LASF31:
 1099 0000 443A5C57 		.ascii	"D:\\Work\\Projects\\Accelerometer_Controlled_Car\\P"
 1099      6F726B5C 
 1099      50726F6A 
 1099      65637473 
 1099      5C416363 
 1100 002f 536F435F 		.ascii	"SoC_4_BLE_ACCELEROMETER.cydsn\000"
 1100      345F424C 
 1100      455F4143 
 1100      43454C45 
 1100      524F4D45 
 1101              	.LASF18:
 1102 004d 72656733 		.ascii	"reg32\000"
 1102      3200
 1103              	.LASF11:
 1104 0053 73697A65 		.ascii	"size_t\000"
 1104      5F7400
 1105              	.LASF24:
 1106 005a 416E616C 		.ascii	"AnalogSetDefault\000"
 1106      6F675365 
 1106      74446566 
 1106      61756C74 
 1106      00
 1107              	.LASF28:
 1108 006b 6366675F 		.ascii	"cfg_memset_list\000"
 1108      6D656D73 
 1108      65745F6C 
 1108      69737400 
 1109              	.LASF23:
 1110 007b 436C6F63 		.ascii	"ClockSetup\000"
 1110      6B536574 
ARM GAS  C:\Users\Midori\AppData\Local\Temp\ccvtvnAj.s 			page 26


 1110      757000
 1111              	.LASF4:
 1112 0086 73686F72 		.ascii	"short unsigned int\000"
 1112      7420756E 
 1112      7369676E 
 1112      65642069 
 1112      6E7400
 1113              	.LASF15:
 1114 0099 666C6F61 		.ascii	"float\000"
 1114      7400
 1115              	.LASF21:
 1116 009f 64657374 		.ascii	"dest\000"
 1116      00
 1117              	.LASF26:
 1118 00a4 73697A65 		.ascii	"size\000"
 1118      00
 1119              	.LASF17:
 1120 00a9 72656738 		.ascii	"reg8\000"
 1120      00
 1121              	.LASF6:
 1122 00ae 6C6F6E67 		.ascii	"long unsigned int\000"
 1122      20756E73 
 1122      69676E65 
 1122      6420696E 
 1122      7400
 1123              	.LASF12:
 1124 00c0 75696E74 		.ascii	"uint8\000"
 1124      3800
 1125              	.LASF19:
 1126 00c6 43594D45 		.ascii	"CYMEMZERO\000"
 1126      4D5A4552 
 1126      4F00
 1127              	.LASF2:
 1128 00d0 756E7369 		.ascii	"unsigned char\000"
 1128      676E6564 
 1128      20636861 
 1128      7200
 1129              	.LASF16:
 1130 00de 646F7562 		.ascii	"double\000"
 1130      6C6500
 1131              	.LASF32:
 1132 00e5 63796669 		.ascii	"cyfitter_cfg\000"
 1132      74746572 
 1132      5F636667 
 1132      00
 1133              	.LASF29:
 1134 00f2 474E5520 		.ascii	"GNU C 4.9.3 20150303 (release) [ARM/embedded-4_9-br"
 1134      4320342E 
 1134      392E3320 
 1134      32303135 
 1134      30333033 
 1135 0125 616E6368 		.ascii	"anch revision 221220] -mcpu=cortex-m0 -mthumb -g -O"
 1135      20726576 
 1135      6973696F 
 1135      6E203232 
 1135      31323230 
 1136 0158 30202D66 		.ascii	"0 -ffunction-sections -ffat-lto-objects\000"
ARM GAS  C:\Users\Midori\AppData\Local\Temp\ccvtvnAj.s 			page 27


 1136      66756E63 
 1136      74696F6E 
 1136      2D736563 
 1136      74696F6E 
 1137              	.LASF13:
 1138 0180 75696E74 		.ascii	"uint16\000"
 1138      313600
 1139              	.LASF14:
 1140 0187 75696E74 		.ascii	"uint32\000"
 1140      333200
 1141              	.LASF0:
 1142 018e 756E7369 		.ascii	"unsigned int\000"
 1142      676E6564 
 1142      20696E74 
 1142      00
 1143              	.LASF25:
 1144 019b 61646472 		.ascii	"address\000"
 1144      65737300 
 1145              	.LASF8:
 1146 01a3 6C6F6E67 		.ascii	"long long unsigned int\000"
 1146      206C6F6E 
 1146      6720756E 
 1146      7369676E 
 1146      65642069 
 1147              	.LASF27:
 1148 01ba 6366675F 		.ascii	"cfg_memset_t\000"
 1148      6D656D73 
 1148      65745F74 
 1148      00
 1149              	.LASF30:
 1150 01c7 2E5C4765 		.ascii	".\\Generated_Source\\PSoC4\\cyfitter_cfg.c\000"
 1150      6E657261 
 1150      7465645F 
 1150      536F7572 
 1150      63655C50 
 1151              	.LASF9:
 1152 01ef 73697A65 		.ascii	"sizetype\000"
 1152      74797065 
 1152      00
 1153              	.LASF7:
 1154 01f8 6C6F6E67 		.ascii	"long long int\000"
 1154      206C6F6E 
 1154      6720696E 
 1154      7400
 1155              	.LASF10:
 1156 0206 63686172 		.ascii	"char\000"
 1156      00
 1157              	.LASF3:
 1158 020b 73686F72 		.ascii	"short int\000"
 1158      7420696E 
 1158      7400
 1159              	.LASF5:
 1160 0215 6C6F6E67 		.ascii	"long int\000"
 1160      20696E74 
 1160      00
 1161              	.LASF1:
 1162 021e 7369676E 		.ascii	"signed char\000"
ARM GAS  C:\Users\Midori\AppData\Local\Temp\ccvtvnAj.s 			page 28


 1162      65642063 
 1162      68617200 
 1163              	.LASF22:
 1164 022a 4359434F 		.ascii	"CYCONFIGCPYCODE\000"
 1164      4E464947 
 1164      43505943 
 1164      4F444500 
 1165              	.LASF20:
 1166 023a 4359434F 		.ascii	"CYCONFIGCPY\000"
 1166      4E464947 
 1166      43505900 
 1167              		.ident	"GCC: (GNU Tools for ARM Embedded Processors) 4.9.3 20150303 (release) [ARM/embedded-4_9-br
